// Jest Snapshot v1, https://goo.gl/fbAQLP

exports[`NotFound renders correctly 1`] = `"<article><h1>NOT FOUND</h1><p>You just hit a route that doesn't exist... the sadness.</p></article>"`;
