// Jest Snapshot v1, https://goo.gl/fbAQLP

exports[`Blog renders correctly 1`] = `"<article><div class=\\"sc-AxhUy hSpNqt\\"><div class=\\"sc-AxhCb cXBSVz\\"></div><span class=\\"sc-AxgMl eEdZGe\\">Blog Posts</span><h2>Coming soon ...</h2></div><div class=\\"sc-AxhUy hSpNqt\\"><div class=\\"sc-AxhCb cXBSVz\\"></div><span class=\\"sc-AxgMl eEdZGe\\">External Posts</span><a href=\\"https://bit.ly/2YDhxDJ\\"><div class=\\"sc-AxheI jmVYRX\\"><div class=\\"sc-AxjAm cFQoNO\\"><p class=\\"sc-AxirZ eSQAuU\\">Comment fonctionne une Rom Custom?</p><p class=\\"sc-AxiKw icjPNi\\">Oct 6, 2017</p><p>Vous devez sûrement entendre, si vous intéressez à Android, les mots “Rom Custom”, “CyanogenMod”, “LineageOS”… Mais vous avez aucune idée de ce qu’il s’agit. Voilà un article qui pourra, vous éclairez !</p></div></div></a><a href=\\"https://bit.ly/3eFpEFw\\"><div class=\\"sc-AxheI jmVYRX\\"><div class=\\"sc-AxjAm cFQoNO\\"><p class=\\"sc-AxirZ eSQAuU\\">Kernel et Android : Qu’est-ce que c’est et pourquoi le modifier ?</p><p class=\\"sc-AxiKw icjPNi\\">Feb 16, 2017</p><p>Vous êtes très nombreux à bidouiller votre appareil Android. Nous nous sommes intéressés à un composant essentiel de votre système : le kernel.</p></div><img src=\\"https://images.frandroid.com/wp-content/uploads/2017/02/android-kernel-explication.jpg\\" loading=\\"lazy\\" height=\\"100\\" style=\\"border-radius: 15px;\\"></div></a></div></article>"`;
