// Jest Snapshot v1, https://goo.gl/fbAQLP

exports[`Divider renders correctly 1`] = `
<div
  className="sc-AxjAm gUIqk"
/>
`;
