// Jest Snapshot v1, https://goo.gl/fbAQLP

exports[`Item renders correctly 1`] = `"<div class=\\"sc-AxjAm cFQoNO\\"><p class=\\"sc-AxirZ eSQAuU\\">test</p><p class=\\"sc-AxiKw icjPNi\\">test</p></div>"`;
