// Jest Snapshot v1, https://goo.gl/fbAQLP

exports[`ThemeSwitcher renders correctly 1`] = `"<input type=\\"checkbox\\" id=\\"switch\\" data-testid=\\"theme-checkbox\\" class=\\"sc-AxirZ cymzFC\\"><label for=\\"switch\\" class=\\"sc-AxjAm rpoTh\\"></label>"`;
